C51 COMPILER V9.54   MANUAL                                                                06/14/2022 14:21:14 PAGE 1   


C51 COMPILER V9.54, COMPILATION OF MODULE MANUAL
OBJECT MODULE PLACED IN .\Objects\Manual.obj
COMPILER INVOKED BY: D:\keil5\C51\BIN\C51.EXE Manual.c OPTIMIZE(8,SPEED) BROWSE DEBUG OBJECTEXTEND PRINT(.\Listings\Manu
                    -al.lst) TABS(2) OBJECT(.\Objects\Manual.obj)

line level    source

   1          //#include <REGX52.H>
   2          //#include "Buzzer.h"
   3          //#include "LCD1602.h"
   4          ////手动演奏模块
   5          //unsigned int ManFreq[]={0,190,170,151,143,127,113,100,95,   //第0位为空，之后每一位分别与按
             -键序号对应
   6          //                           95, 85, 75, 71, 63, 56, 50,47};  //弹奏对应的16个共15种频率（已转为周期形
             -式）
   7          //unsigned char code ManF_Node[][10]={"000","do-","re-","mi-","fa-","so-","la-","si-","do ",
   8          //                                  "do ","re ","mi ","fa ","so ","la ","si ","do+"};//频率对应的音符
   9          
  10          //void ManualPlay(unsigned int KeyNum)
  11          //{
  12          //    LCD_ShowString(1,1,"Manual:       ");       
  13          //    if(KeyNum)
  14          //    {
  15          //        LCD_ShowNum(2,1,KeyNum,2);
  16          //        LCD_ShowString(2,4,ManF_Node[KeyNum]);
  17          //        Buzzer_Freq(ManFreq[KeyNum]);
  18          //    }
  19          //}


MODULE INFORMATION:   STATIC OVERLAYABLE
   CODE SIZE        =   ----    ----
   CONSTANT SIZE    =   ----    ----
   XDATA SIZE       =   ----    ----
   PDATA SIZE       =   ----    ----
   DATA SIZE        =   ----    ----
   IDATA SIZE       =   ----    ----
   BIT SIZE         =   ----    ----
END OF MODULE INFORMATION.


C51 COMPILATION COMPLETE.  0 WARNING(S),  0 ERROR(S)
