C51 COMPILER V9.54   TIMER0                                                                06/08/2022 20:38:58 PAGE 1   


C51 COMPILER V9.54, COMPILATION OF MODULE TIMER0
OBJECT MODULE PLACED IN .\Objects\Timer0.obj
COMPILER INVOKED BY: D:\keil5\C51\BIN\C51.EXE Timer0.c OPTIMIZE(8,SPEED) BROWSE DEBUG OBJECTEXTEND PRINT(.\Listings\Time
                    -r0.lst) TABS(2) OBJECT(.\Objects\Timer0.obj)

line level    source

   1          #include <REGX52.H>
   2          
   3          /**
   4            * @brief 定时器0初始化，1毫秒@12.000MHz
   5            * @param 无
   6            * @retrval 无
   7            
   8          */
   9          void Timer0Init(void)   
  10          {
  11   1        TMOD &= 0xF0;   //设置定时器模式（把TMOD低四位清零，高四位保持不变）
  12   1        TMOD |= 0x01;   //设置定时器模式（把TMOD最低位置1，高四位保持不变）
  13   1        TL0 = 0x18;   //设置定时初值
  14   1        TH0 = 0xFC;   //设置定时初值
  15   1        TF0 = 0;    //清除TF0标志
  16   1        TR0 = 1;    //定时器0开始计时
  17   1        ET0=1;
  18   1        EA=1;
  19   1        PT0=0;
  20   1      }
  21          
  22          /*定时器中断函数模板 1秒
  23          void Timer0_Routine() interrupt 1
  24          {
  25            static unsigned int T0Count;
  26            TL0 = 0x18;   //设置定时初值
  27            TH0 = 0xFC;   //设置定时初值
  28          
  29            T0Count++;
  30            if(T0Count>=1000)
  31            {
  32              T0Count=0;
  33          
  34            }
  35          }
  36          
  37          */


MODULE INFORMATION:   STATIC OVERLAYABLE
   CODE SIZE        =     23    ----
   CONSTANT SIZE    =   ----    ----
   XDATA SIZE       =   ----    ----
   PDATA SIZE       =   ----    ----
   DATA SIZE        =   ----    ----
   IDATA SIZE       =   ----    ----
   BIT SIZE         =   ----    ----
END OF MODULE INFORMATION.


C51 COMPILATION COMPLETE.  0 WARNING(S),  0 ERROR(S)
